craddock_10
Words
Classifier: GradientBoostingClassifier(init=None, learning_rate=0.1, loss=deviance,
              max_depth=3, max_features=None, min_samples_leaf=1,
              min_samples_split=2, n_estimators=100, random_state=None,
              subsample=1.0, verbose=0)

Mask averages
[0.74016719003758125, 0.52009003348723404, 0.80820002147578607, 0.7463040371341767, 0.78584366692258678, 0.78873180030730294, 0.68795228140010645, 0.74659517994247748, 0.49520901869366946, 0.88974991685172222]
Making average map...
Made../results/craddock_10_GB_words_AvgClass.nii.gz
Making various importance stat brain maps...
Made../results/craddock_10_GB_words_imps_shannons_0.nii.gz
Made../results/craddock_10_GB_words_imps_var_0.nii.gz
Made../results/craddock_10_GB_words_imps_cor_0.nii.gz
Made../results/craddock_10_GB_words_clf_shannons_0.nii.gz
Made../results/craddock_10_GB_words_clf_var_0.nii.gz

[0;34mIn [[1;34m2[0;34m]: [0m
[0;34mIn [[1;34m3[0;34m]: [0m> /usr/local/Cellar/python/2.7.3/Frameworks/Python.framework/Versions/2.7/lib/python2.7/site-packages/nipype-0.8.0-py2.7.egg/nipype/interfaces/base.py(1207)raise_exception()
-> raise RuntimeError(message)
(Pdb) *** NameError: name 'ls' is not defined
(Pdb) > /usr/local/Cellar/python/2.7.3/Frameworks/Python.framework/Versions/2.7/lib/python2.7/site-packages/nipype-0.8.0-py2.7.egg/nipype/interfaces/base.py(1269)_run_interface()
-> self.raise_exception(runtime)
(Pdb) > /usr/local/Cellar/python/2.7.3/Frameworks/Python.framework/Versions/2.7/lib/python2.7/site-packages/nipype-0.8.0-py2.7.egg/nipype/interfaces/base.py(895)run()
-> runtime = self._run_interface(runtime)
(Pdb) > /Users/aleph4/Dropbox/Projects/NS_Classify/scripts/regionalClassifier.py(224)make_mask_map()
-> + folder + '/' + str(n), out_file=folder + '/ongoing.nii.gz').run()
(Pdb) array([ 2.63579541,  3.13067828,  2.41566306,  2.53211374,  2.5504409 ,
        2.98288518,  2.42266764,  2.47669517,  2.36376464])
(Pdb) *** TypeError: 'tuple' object is not callable
(Pdb) *** SyntaxError: invalid syntax (<stdin>, line 1)
(Pdb) (9,)
(Pdb) (9,)
(Pdb) 
[0;34mIn [[1;34m4[0;34m]: [0m
[0;34mIn [[1;34m5[0;34m]: [0m
[0;34mIn [[1;34m6[0;34m]: [0m
[0;34mIn [[1;34m7[0;34m]: [0m
[0;34mIn [[1;34m7[0;34m]: [0mDo you really want to exit ([y]/n)? 