craddock_10
Words
Classifier: GradientBoostingClassifier(init=None, learning_rate=0.1, loss=deviance,
              max_depth=3, max_features=None, min_samples_leaf=1,
              min_samples_split=2, n_estimators=100, random_state=None,
              subsample=1.0, verbose=0)

Mask averages
[0.73825448725455578, 0.49494307163480006, 0.79341870366116674, 0.74439322984765355, 0.80261809565450604, 0.77262027583960791, 0.68656867890414519, 0.73528229525479571, 0.50382228688845088, 0.88160350308335944]
Making average map...
Made../results/craddock_10_GB_words_AvgClass.nii.gz
Making various importance stat brain maps...
Made../results/craddock_10_GB_words_imps_shannons_0.nii.gz
Made../results/craddock_10_GB_words_imps_var_0.nii.gz
Made../results/craddock_10_GB_words_imps_cor_0.nii.gz
Made../results/craddock_10_GB_words_clf_shannons_0.nii.gz
Made../results/craddock_10_GB_words_clf_var_0.nii.gz

[0;34mIn [[1;34m2[0;34m]: [0m> /usr/local/Cellar/python/2.7.3/Frameworks/Python.framework/Versions/2.7/lib/python2.7/site-packages/nipype-0.8.0-py2.7.egg/nipype/interfaces/base.py(1207)raise_exception()
-> raise RuntimeError(message)
(Pdb) > /usr/local/Cellar/python/2.7.3/Frameworks/Python.framework/Versions/2.7/lib/python2.7/site-packages/nipype-0.8.0-py2.7.egg/nipype/interfaces/base.py(1269)_run_interface()
-> self.raise_exception(runtime)
(Pdb) > /usr/local/Cellar/python/2.7.3/Frameworks/Python.framework/Versions/2.7/lib/python2.7/site-packages/nipype-0.8.0-py2.7.egg/nipype/interfaces/base.py(895)run()
-> runtime = self._run_interface(runtime)
(Pdb) *** NameError: name 'pu' is not defined
(Pdb) > /Users/aleph4/Dropbox/Projects/NS_Classify/scripts/regionalClassifier.py(226)make_mask_map()
-> + folder + '/' + str(n), out_file=folder + '/ongoing.nii.gz').run()
(Pdb) > /Users/aleph4/Dropbox/Projects/NS_Classify/scripts/full_pipline.py(54)pipeline()
-> print clf.importance_stats(method='shannons', axis=1)
(Pdb) *** SyntaxError: unexpected EOF while parsing (<stdin>, line 1)
(Pdb) array([ 2.63849328,  3.14015632,  2.43088445,  2.53236645,  2.56429987,
        2.97992841,  2.41716019,  2.48609408,  2.35702264])
(Pdb) *** SyntaxError: invalid syntax (<stdin>, line 1)
(Pdb) *** SyntaxError: invalid syntax (<stdin>, line 1)
(Pdb) 
[0;34mIn [[1;34m3[0;34m]: [0m
[0;34mIn [[1;34m4[0;34m]: [0m