Classifier: RidgeClassifier(alpha=1.0, class_weight=None, copy_X=True, fit_intercept=True,
        max_iter=None, normalize=False, solver=auto, tol=0.001)
Loading data...
[] 0%[] 1%[] 2%[] 3%[] 4%[] 5%[] 6%[] 7%[] 8%[#] 10%[#] 11%[#] 12%[#] 13%[#] 14%[#] 15%[#] 16%[#] 17%[#] 18%[##] 20%[##] 21%[##] 22%[##] 23%[##] 24%[##] 25%[##] 26%[##] 27%[##] 28%[###] 30%[###] 31%[###] 32%[###] 33%[###] 34%[###] 35%[###] 36%[###] 37%[###] 38%[####] 40%[####] 41%[####] 42%[####] 43%[####] 44%[####] 45%[####] 46%[####] 47%[####] 48%[#####] 50%[#####] 51%[#####] 52%[#####] 53%[#####] 54%[#####] 55%[#####] 56%[#####] 57%[#####] 58%[######] 60%[######] 61%[######] 62%[######] 63%[######] 64%[######] 65%[######] 66%[######] 67%[######] 68%[#######] 70%[#######] 71%[#######] 72%[#######] 73%[#######] 74%[#######] 75%[#######] 76%[#######] 77%[#######] 78%[########] 80%[########] 81%[########] 82%[########] 83%[########] 84%[########] 85%[########] 86%[########] 87%[########] 88%[#########] 90%[#########] 91%[#########] 92%[#########] 93%[#########] 94%[#########] 95%[#########] 96%[#########] 97%[#########] 98%[##########] 100%
Classifying...
[] 0%> /usr/local/lib/python2.7/site-packages/neurosynth/analysis/classify.py(311)cross_val_fit()
-> self.clf.fit(X, y)
(Pdb) (285, 25)
(Pdb) > /usr/local/lib/python2.7/site-packages/neurosynth/analysis/classify.py(313)cross_val_fit()
-> return self.cvs.mean()
(Pdb) --Return--
> /usr/local/lib/python2.7/site-packages/neurosynth/analysis/classify.py(313)cross_val_fit()->0.53349960876369329
-> return self.cvs.mean()
(Pdb) > /usr/local/lib/python2.7/site-packages/neurosynth/analysis/classify.py(193)classify()
-> from collections import Counter
(Pdb) <neurosynth.analysis.classify.Classifier instance at 0x124cf0d40>
(Pdb) RidgeClassifier(alpha=1.0, class_weight=None, copy_X=True, fit_intercept=True,
        max_iter=None, normalize=False, solver='auto', tol=0.001)
(Pdb) *** SyntaxError: invalid syntax (<stdin>, line 1)
(Pdb) array([[-0.12590916, -0.05168498, -0.12169978, -0.1836966 , -0.10919397,
        -0.10456827, -0.17717758, -0.10160303, -0.16397905, -0.01928594,
        -0.07734865, -0.13958706, -0.12461927, -0.1691743 , -0.14375661,
        -0.17636558, -0.0689258 , -0.07304198, -0.14010782, -0.04726706,
        -0.12557911, -0.106409  , -0.12170743, -0.10774366, -0.08992085]])
(Pdb) (1, 25)
(Pdb) 
